name
--------------------------------------------------------------------------------------------------------------------------------
VGFULTKM
VRI_EVT_R2010_INFOPROCRETPR
VSILIB
VGF_EVENTO_S2190
VGF_CAT42_R1100_NST
VGF_EVENTO_S2299_DMDEV_RPA
VGMMET
VRI_EVT_R4010_BENEFPEN
VRI_ALTER_R2055_INFOPROC
VGPESQCC
VGF_EVENTO_S1210
VRI_EVT_R4040_PGNIBENEF
VGF_EVENTO_FOLHA
VFP_MATRIZ_CONFERENCIA
VIMBUA
VGUNIDADESCC
VRI_EVT_R1070
VGF_TFPOCO_TFPOCORJS
VRI_ALTER_R2055_NFS
VGWESTLOTEVAL_TGWEST
VIMALU
VGWLOC
VRI_EVT_R1070_INFOSUSP
VGWESTLOTEVAL_TGWESTVAL
VGF_EVENTO_S2299_DMDEV_ADC
VGWRECSITUACAO
VRI_EVT_R2030_INFOPROC
VGFPPC
VIMIMC
VGWSEPSITUACAO
VCBEMP
VRI_EVT_R2010_INFOPROCRETAD
VRI_EVT_R4010_DEPENDPS
VGFEFDC_BASE_0500
VGWVOR
VFPFAI
VSIVIEWS
VRI_EVT_R2050
VGF_EVENTO_S2260
VIEWADIANTAMENTOBAIXA
VGWTARSEP
VGF_EVENTO_S1210_IPGTO
VGF_ALTER_S1000
VGF_EVENTO_S2299_DMDEV_PADC
VRI_EVT_R4010_PLANOSAUDE
VSIIMP
VGFRHSA
VGWSEPCHK
VRI_EVT_R2060
VFP_INCONSISTENCIAS_TFPRPO
VGF_ALTER_S1005
VSIIMPGRAF
VRI_EVT_R2020_INFOPROCRETPR
VGF_ALTER_S1005_INFOENTEDUC
VSIIMPLAY
VRI_EVT_R4020
VGF_ALTER_S1010
VRI_EVT_R2050_INFOPROC
VGF_ALTER_S1010_CP
VGF_FOLHA_EDI
VGF_EVENTO_S2299_DMDEV_IPADC
VRI_EVT_R4010_DEPENDPG
VTRA
VRI_EVT_R2050_IMP_AUX
VRI_EVT_R4040_DETNATREND
VGF_ALTER_S1010_FGTS
VGF_EVENTO_S1050_INTERVALO
WMS_ESTDOCA_RECEBIMENTO
VGF_EVENTO_S1210_DIPGTO
VRI_EVT_R2040_INFORECURSO
VGFDES
VGF_ALTER_S1010_IRRF
VRI_EVT_R2060_NFS
VGF_ALTER_S1010_SIND
VGWSEPSITCAB
VRI_EVT_R4010_INFORENDPG
VGF_ALTER_S1020
VGF_EVENTO_S2299_DMDEV_RPADC
VIEW_FLOW_EXEC_2
VRI_EVT_R4010_DETRENDPG
VGF_ALTER_S1020_PROCJUD
VGF_CAT42_SALDOACUMREF
VIEW_FLOW_SOLI_2
VGF_ALTER_S1030
VTCBCDM
VGF_ALTER_S1035
VGF_EVENTO_S1210_RDIPGTO
VFP_AUDITADET_LIBESOCIAL
VFP_DASHCONS5002_PROCESSO
VGF_ALTER_S1040
VFPFUN
VGF_EVENTO_S2299_DMDEV_IRPADC
VFP_DASHCONS5002_PREVCOMPL
VGF_ALTER_S1050
VGFCMC7
VGFREALDESP
VFP_DASHCONS5002_PENALIM
VGF_ALTER_S1050_INTERVALO
VTFTPAG
VFP_DASHCONS5002_DEDDEP
VGF_ALTER_S1070
VRI_EVT_R2055_NFS
VTFTPAGTOT
VFP_DASHCONS5002_PLNSAUDE
VGF_ALTER_S1070_INFOSUSP
VGF_EVENTO_S2299_DMDEV_TRPADC
VRI_ALTER_R4040_PROCNRET
USER_TAB_COLS
VGF_ALTER_S1200
VGF_EVENTO_S1210_PRDIPGTO
VFP_DASHCONS5002_REEMBMED
VGF_ALTER_S1200_DMDEV
VRI_ALTER_R4040_DETNATREND
VFP_AUDITADET_REFERENCIA
VGW_RESUMO_REC
VFP_DASHCONS5002
VGF_ALTER_S1200_DMDEV_ADC
VRI_ALTER_R4010_DEDRENDTRIB
VSIUSU
VGF_ALTER_S1200_DMDEV_DDRPA
VGF_EVENTO_S2299_CONSIGFGTS
VGW_ENT_PEND_REAL
VGF_ALTER_S1200_DMDEV_DRPA
VRI_ALTER_R4010_RENDISEN
VRI_ALTER_R2030_INFORECURSO
VGF_ALTER_S1200_DMDEV_EL
VWFEBD
VGW_SAIDAS_PEND_REAL
VGF_ALTER_S1200_DMDEV_IPADC
VWFEQP
VGWSITSEP
TCBLAN_VCBLAN_EXC
VGF_CAT42_R0000
VRI_ALTER_R2030_NFS
VGF_ALTER_S1200_DMDEV_IRPA
VGF_ALTER_S1200_DMDEV_IRPADC
VGF_CAT42_R0200
VRI_ALTER_R1000
VGF_ALTER_S1200_DMDEV_PADC
VGFCOMPROMISSO
ENT_PEN_REAL_X_LOGICA
VGF_ALTER_S1200_DMDEV_RPA
VGFCABBEM
VGFLIBEVE
VRI_ALTER_R2030
VGF_ALTER_S1200_DMDEV_RPADC
VGFFNF
VGFDRCSTINCONS
VGF_EVENTO_S1210_RIPGTO
VRI_ALTER_R2030_INFOPROC
VGF_ALTER_S1200_DMDEV_TRPA
VRI_ALTER_R4080_PROCNRET
VGFMODULO
VGF_ALTER_S1200_PROCJUD
VGF_EFDICMS_BLOCOB
VGF_ALTER_S1200_REMOUTREMPRE
SAI_PEN_REAL_X_LOGICA
VGF_ALTER_S1210
VRI_ALTER_R4010_DETRENDPG
VRI_EVT_R2055_TIPOCOM
VRI_ALTER_R2030_RECURSOSREC
VGF_ALTER_S1210_AIPGTO
VRI_ALTER_R4020_DETRENDPG
VRI_ALTER_R1050
VGF_ALTER_S1210_DAIPGTO
VGF_EVENTO_S1210_FIPGTO
VGF_ALTER_S1210_DFIPGTO
VGF_EVENTO_BASEFOLHA
VGMLPO
VGF_ALTER_S1210_DIPGTO
VRI_ALTER_R4040
VGF_EVENTO_BASERUBRICA
VIEW_OUTROS_ESTOQUES_INV
VGF_ALTER_S1210_FIPGTO
VGF_DIRF_BASE_BPJDEC_REF
VRI_ALTER_R4010_INFOADV
VGF_EVENTO_BASERUBRICA_PA
VGF_ALTER_S1210_IPGTO
VGF_EVENTO_S1200_BASE
VGF_ALTER_S1210_PDFIPGTO
VPRMER
VGF_ALTER_S1210_PRDIPGTO
VGF_DIRF_BASE_BPJDEC_ITE
VGF_EVENTO_S1210_DFIPGTO
VRI_ALTER_R4080_DETRECREND
VGF_ALTER_S1210_RDIPGTO
VIMDER
VWFHIST
VGF_DIRF_BASE_BPJDEC_IMP
VGFFPAGCSGA
VGF_ALTER_S1210_RIPGTO
VGF_DIN_POR_IMPOSTO
VGF_DIRF_BASE_BPJDEC_ITE_IMP
VGF_EMP_MATRIZ
VGFPROCTRABCONSOL
VGFSER
VRI_ALTER_R4020_PROCNRET
VGF_ALTER_S2190
VGF_BASEIPI_NEGOC_INTERDEPENDE
VFPFAIX
VRI_ALTER_R4020_INFOADV
VGF_EFDICMS_B020
VGF_ALTER_S2200
VRI_ALTER_R4040_PGNIBENEF
V_DTREF
VGF_EFDICMS_B025
VGF_ALTER_S2200_DEPENDENTE
VRI_ALTER_R4010_BENEFPEN
VGF_EFDICMS_B420
VGF_ALTER_S2200_HORARIO
VIMINTCQM
VGF_EVENTO_S1210_PDFIPGTO
VGFCAB
VGF_ALTER_S2205
VIMINTIWB
VF200ESTILO
VRI_ACOMP_TRANSMISSAO_ERRO
VGF_EVENTO_S1200
VGF_EFDICMS_B460
VGF_ALTER_S2205_DEPENDENTE
VIMINTOLX
VF205ESTILO
VGF_EFDICMS_B470
VGF_ALTER_S2206
VIMINTVVR
VF210ESTILO
VGF_EFDICMS_B440
VGF_ALTER_S2206_HORARIO
VIMINTWIM
VGF_ALTER_S2230
VIMINTZAP
VGF_EVENTO_S1200_REMOUTREMPRE
VGF_ALTER_S2230_ATESTADO
VGF_EVENTO_S1210_AIPGTO
VGF_ALTER_S2250
VCSCOS
VGF_ALTER_S2260
VGMINS
VGF_ALTER_S2298
VRI_ALTER_R1070
VGF_EVENTO_S1200_PROCJUD
VGF_ALTER_S2299
VRI_ALTER_R1070_INFOSUSP
VRI_ALTER_R2060_NFS
VRI_ALTER_R4010_PROCRETTRIB
VGF_ALTER_S2299_CONSIGFGTS
VRI_ALTER_R2010
VGF_DIRF_BASE_BPJDEC_DOC
VWESCFAE
VGF_ALTER_S2299_DMDEV
VRI_ALTER_R2010_NFS
VW_STATUS_PEDIDO
VGF_EVENTO_S1210_DAIPGTO
VGF_ALTER_S2299_DMDEV_ADC
VRI_ALTER_R2010_NFS_INFOTPSERV
VFPATR
VGF_EVENTO_S2399
VGF_EVENTO_S1200_DMDEV
VGF_ALTER_S2299_DMDEV_DDRPA
VRI_ALTER_R2010_INFOPROCRETPR
VGFPOS
VW_STATUS_NOTA
VGF_EVENTO_S2399_BASE
VGF_ALTER_S2299_DMDEV_DRPA
VGF_EVENTO_S2299
VRI_ALTER_R2010_INFOPROCRETAD
VGF_EFDICMS_K280
VGWENTMAPA
VGF_ALTER_S2299_DMDEV_EL
VGF_EVENTO_S2250
VRI_ALTER_R2020
VGFCOS
VGF_CAT42_R1200
VCFO
VGWREC
VRI_EVT_R2010_NFS_INFOTPSERV
VGF_ALTER_S2299_DMDEV_IPADC
VRI_ALTER_R2020_NFS
VGFPROS
TCSAGE
VW_HISTORICO_PRODUTO_VENDIDO
VGF_EVENTO_S1200_DMDEV_EL
VGF_ALTER_S2299_DMDEV_IRPA
VRI_ALTER_R2020_NFS_INFOTPSERV
VGFCOM_FECH
VGF_EVENTO_S2399_REMOUTREMPRE
VGF_ALTER_S2299_DMDEV_IRPADC
VRI_ALTER_R2020_INFOPROCRETPR
VGF_ALTER_S2299_DMDEV_PADC
VRI_ALTER_R2020_INFOPROCRETAD
VFPLIDER
VGF_ALTER_S2299_DMDEV_RPA
VRI_ALTER_R2040
VFPLIDERSUBSTITUTO
VGF_EVENTO_S1200_DMDEV_RPA
VGF_EVENTO_EMPREGADOR
VGF_ALTER_S2299_DMDEV_RPADC
VRI_ALTER_R2040_RECURSOSREP
VGF_EVENTO_S2399_PROCJUD
VFPLIDERIMEDIATO
VGF_EVENTO_S1050_DADOS_INTERV
VGF_ALTER_S2299_DMDEV_TRPA
VRI_ALTER_R2040_INFORECURSO
VTSI001
VGF_ALTER_S2299_DMDEV_TRPADC
VRI_ALTER_R2040_INFOPROC
VGWESTOCO
VGF_ALTER_S2299_PROCJUD
VRI_ALTER_R2040_NFS
VGF_EVENTO_S1200_DMDEV_IRPA
VFP_PERIODO_AQUISITIVO_FERIAS
VGF_ALTER_S2299_REMOUTREMPRE
VRI_ALTER_R2050
VGF_EVENTO_S2399_DMDEV
VFP_RESUMO_AUDITAMAIS
VGF_ALTER_S2300
VRI_ALTER_R2050_TIPOCOM
VGF_ALTER_S2300_DEPENDENTE
VRI_ALTER_R2050_NFS
VGF_ALTER_S2306
VRI_ALTER_R2050_INFOPROC
VGF_EVENTO_S1200_DMDEV_TRPA
VFP_AUDITADET_DEP_S2205
VGF_ALTER_S2399
VRI_ALTER_R2060
VGF_EVENTO_S2200
VGF_EVENTO_S2399_DMDEV_EL
FINREQRAT
VFP_AUDITADET_AFAST_S2230
VGF_ALTER_S2399_DMDEV
VRI_ALTER_R2060_TIPOCOD
VGFSELECAO_CURRICULO
VFP_AUDITADET_RUB_S1010
VRI_ALTER_R4010_DEPENDPS
VGF_ALTER_S2399_DMDEV_DRPA
VGF_DIRF_BASE_BPFDEC_DOC
VFXEAN
VGWEST
TCSCON_VIEW
VFP_AUDITADET_FUN_S2200
VGF_ALTER_S2399_DMDEV_EL
VGWSTATUSWMS
VGF_DIRF_BASE_BPFDEC_ITE_IMP
VRI_ALTER_R2060_INFOPROC
VGF_EVENTO_S1200_DMDEV_DRPA
VMILOG
VGF_ALTER_S2399_DMDEV_IRPA
VGF_DIRF_BASE_BPFDEC_IMP
VRI_ALTER_R2060_TIPOAJUSTE
VGF_EVENTO_S2399_DMDEV_IRPA
TGFMET
VRI_ALTER_R4010_PLANOSAUDE
VGF_ALTER_S2399_PROCJUD
VGF_DIRF_BASE_BPFDEC_ITE
VGFMET
VGFADRCSTINCONS
VGF_ALTER_S2399_REMOUTREMPRE
VGF_DIRF_BASE_BPFDEC_REF
VGFMPX
VGFMTA
VRI_ALTER_R4010
VGF_ALTER_EVENTOS_ESOCIAL
VGF_DIRF_BASE_BPFDEC
VGWRECSITCAB
VIMDIA
VWFTAR
VGF_EVENTO_S1000
VGF_EVENTO_S1200_DMDEV_DDRPA
VWFITAR
VRI_ALTER_EVENTOS_REINF
VGF_EVENTO_S2230
VGF_EVENTO_S1005
VGF_EVENTO_S2399_DMDEV_DRPA
VGFPLAC
VCAB
VGF_EVENTO_S1200_BASE_PA
VRI_EVT_R4010_RENDISEN
VGF_DIRF_BASE_RTPO_REF
VGF_EVENTO_S2230_ATESTADO
VGF_EVENTO_S1005_INFOENTEDUC
VITE
VRI_EVT_R4010_DEDRENDTRIB
VWFSOLI
VGF_EVENTO_S1010
VGFVARDIF
VRI_EVT_R4020_DETRENDPG
VGF_EVENTO_S1010_FGTS
VRI_EVT_R4010_PROCRETTRIB
VGF_EVENTO_S1010_CP
VGF_EVENTO_S2399_DMDEV_DDRPA
VEST_WMS_RECEBIDO
VGF_EVENTO_S1200_DMDEV_ADC
VRI_EVT_R1050
VGF_EVENTO_S1010_IRRF
VGF_EVENTO_S2299_BASE
VEST_WMS_SEPARADO
VRI_EVT_R4080_DETRECREND
VGF_EVENTO_S1010_SIND
VGF_EVENTO_S2299_BASE_PA
ESTOQUE_WMS
VRI_EVT_R4080_DETNATREND
VFP_DASHCONS5002_APURMEN
VGWRESPREV
ESTOQUE_WMS_X_MGE
VRI_EVT_R2010
VGF_CAT42_R1200_NST
VGFEFDDIN
VGF_CR_OSE
VGF_EVENTO_S1200_DMDEV_PADC
VRI_EVT_R2060_INFOPROC
VGFLIV_IPIART34SC
VGFFIN
VRI_ALTER_R4020_INFORENDPG
VGFCONOS
VRI_EVT_R2040_RECURSOSREP
VGFFREM
VFPGESTAOLIDER
VRI_ALTER_R4080_DETNATREND
VGF_EVENTO_S2299_REMOUTREMPRE
VRI_EVT_R4020_INFORENDPG
VGFEFDC_C180
VRI_EVT_R2050_TIPOCOM
VFP_AUDITORIA_TRADUZIDA
VGF_EVENTO_S1200_DMDEV_IPADC
VRI_EVT_R2030
VRI_EVT_R2055_INFOPROC
VGF_EVENTO_S1020
VGF_EVENTO_S2299_PROCJUD
VRI_EVT_R2050_NFS
VRI_ALTER_R4080
VGF_EVENTO_S1020_PROCJUD
VGFFINRAT
VRI_EVT_R2040_INFOPROC
VRI_ALTER_R4010_DEPENDPG
VGF_EVENTO_S1030
VGF_EVENTO_S1200_DMDEV_RPADC
VIMREN
VRI_EVT_R2020_NFS_INFOTPSERV
VIMPRA
VGF_EVENTO_S1035
TGFCME
VIMFPI
VRI_EVT_R4020_INFOADV
VRI_ALTER_R4020
VIMNRE
VW_TCBLAN_ENC_RESUL
VGF_EVENTO_S1040
VGF_EVENTO_S2299_DMDEV
VGFEFDC_C190
TGFTME
VIMTHI
VRI_EVT_R2060_TIPOCOD
VGF_EVENTO_S1050
VGFECDC_ECF
VCABRES
VIMAPR
VRI_EVT_R2060_TIPOAJUSTE
VGF_EVENTO_S1060
VCILOC
VGF_EVENTO_S1200_DMDEV_IRPADC
VIMFAC
VRI_EVT_R2055
VGF_EVENTO_S1060_FATORRISCO
VCILOCATUAL
VIMIMV
VRI_EVT_R2020
VPRLPIPRO
VGF_CTB_HIS_PIS_COFINS
VGF_EVENTO_S1070
VGF_EVENTO_S2299_DMDEV_EL
VCIMOV
VIMADM
VRI_EVT_R4010_INFOADV
VGF_EVENTO_S1070_INFOSUSP
VDESPBAICH
VIMIMVFACADM
VRI_EVT_R4080_PROCNRET
VRI_ALTER_R4010_INFORENDPG
VGF_EVENTO_S2200_HORARIO
VETAPAATUAL
VGF_EVENTO_S1200_DMDEV_TRPADC
VIMCFI
VRI_EVT_R2020_NFS
VGF_EVENTO_S2200_DEPENDENTE
VFPRTF
VRI_EVT_R2020_INFOPROCRETAD
VGF_EVENTO_S2205
VGF_EVENTO_S2299_DMDEV_IRPA
VGF_EVENTO_S2200_BASE_HORARIO
VGF_EVENTO_S2205_DEPENDENTE
VGF_DIRF_BASE_BPJDEC
VGFCAB2
VGF_CAT42_R0150
VRI_EVT_R2030_INFORECURSO
VGF_EVENTO_S2200_BASE_DEPEND
VGF_EVENTO_S2206
VIEW_TGFVAS
VGFCABOU
VRI_EVT_R4040
VGF_EVENTO_S2300_BASE
VGF_EVENTO_S2206_HORARIO
VIEW_TGFVAS_DEV
VGFCABPESO
VRI_EVT_R2030_RECURSOSREC
VGF_EVENTO_S2200_BASE
VGF_EVENTO_S2300
VGF_EVENTO_S2299_DMDEV_DRPA
VGFCIDUF
VRI_EVT_R4040_PROCNRET
VGF_EVENTO_S2306
VGFITEPLAN
VGFCTE
VRI_EVT_R2040
VGFICM
VGF_EVENTO_S2300_DEPENDENTE
VGFTAB
VGFITETOT
VGWEPA
VGF_EVENTO_S1210_BASE
VRI_EVT_R2030_NFS
VGF_EVENTO_S2299_DMDEV_DDRPA
VGF_EVENTO_S1210_BASEFOLHA
VRI_EVT_R4020_PROCNRET
VGFMARCA
VRI_EVT_R2010_NFS
VGFDRCSTPROPDECL
VGFMAX
VRI_EVT_R4080
VGFMBC
VRI_EVT_R2040_NFS
VGFPCP
VGFDEVCOMP
VGFNUM
VRI_EVT_R4010
VGF_CAT42_R1100
VGFPPA
VRI_EVT_R1000
VRI_ACOMPANHAMENTO_TRANSMISSAO
VFP_AUDITADET_EVT_BASELIQ
VFP_AUDITADET_PGT_S1210
VRI_ALTER_R2055
VGFGRA
VGFULTCUS
VGF_EVENTO_S2298
VFP_AUDITADET_REMUN
VRI_ALTER_R2055_TIPOCOM
VGWESTLOTEVAL
VGF_EVENTO_S2299_DMDEV_TRPA

(548 linhas afetadas)


Horário de conclusão: 2026-09-30T10:48:31.0668226-03:00
